ARM GAS  C:\Users\blinky\AppData\Local\Temp/ccc1aaaa.s 			page 1


   1              		.syntax unified
   2              		.cpu cortex-m3
   3              		.fpu softvfp
   4              		.eabi_attribute 20, 1
   5              		.eabi_attribute 21, 1
   6              		.eabi_attribute 23, 3
   7              		.eabi_attribute 24, 1
   8              		.eabi_attribute 25, 1
   9              		.eabi_attribute 26, 1
  10              		.eabi_attribute 30, 6
  11              		.eabi_attribute 18, 4
  12              		.thumb
  13              		.file	"ADC_SAR_1_INT.c"
  14              		.section	.debug_abbrev,"",%progbits
  15              	.Ldebug_abbrev0:
  16              		.section	.debug_info,"",%progbits
  17              	.Ldebug_info0:
  18              		.section	.debug_line,"",%progbits
  19              	.Ldebug_line0:
  20 0000 57000000 		.text
  20      02003F00 
  20      00000201 
  20      FB0E0D00 
  20      01010101 
  21              	.Ltext0:
  22              		.section	.text.ADC_SAR_1_ISR,"ax",%progbits
  23              		.align	2
  24              		.global	ADC_SAR_1_ISR
  25              		.thumb
  26              		.thumb_func
  27              		.type	ADC_SAR_1_ISR, %function
  28              	ADC_SAR_1_ISR:
  29              	.LFB2:
  30              		.file 1 "./Generated_Source/PSoC5/ADC_SAR_1_INT.c"
   1:./Generated_Source/PSoC5/ADC_SAR_1_INT.c **** /*******************************************************************************
   2:./Generated_Source/PSoC5/ADC_SAR_1_INT.c **** * File Name: ADC_SAR_1_INT.c
   3:./Generated_Source/PSoC5/ADC_SAR_1_INT.c **** * Version 1.10
   4:./Generated_Source/PSoC5/ADC_SAR_1_INT.c **** *
   5:./Generated_Source/PSoC5/ADC_SAR_1_INT.c **** *  Description:
   6:./Generated_Source/PSoC5/ADC_SAR_1_INT.c **** *    This file contains the code that operates during the ADC_SAR interrupt
   7:./Generated_Source/PSoC5/ADC_SAR_1_INT.c **** *    service routine.
   8:./Generated_Source/PSoC5/ADC_SAR_1_INT.c **** *
   9:./Generated_Source/PSoC5/ADC_SAR_1_INT.c **** *   Note:
  10:./Generated_Source/PSoC5/ADC_SAR_1_INT.c **** *
  11:./Generated_Source/PSoC5/ADC_SAR_1_INT.c **** *******************************************************************************
  12:./Generated_Source/PSoC5/ADC_SAR_1_INT.c **** * Copyright 2008-2009, Cypress Semiconductor Corporation.  All rights reserved.
  13:./Generated_Source/PSoC5/ADC_SAR_1_INT.c **** * You may use this file only in accordance with the license, terms, conditions,
  14:./Generated_Source/PSoC5/ADC_SAR_1_INT.c **** * disclaimers, and limitations in the end user license agreement accompanying
  15:./Generated_Source/PSoC5/ADC_SAR_1_INT.c **** * the software package with which this file was provided.
  16:./Generated_Source/PSoC5/ADC_SAR_1_INT.c **** *******************************************************************************/
  17:./Generated_Source/PSoC5/ADC_SAR_1_INT.c **** 
  18:./Generated_Source/PSoC5/ADC_SAR_1_INT.c **** 
  19:./Generated_Source/PSoC5/ADC_SAR_1_INT.c **** 
  20:./Generated_Source/PSoC5/ADC_SAR_1_INT.c **** #include "ADC_SAR_1.h"
  21:./Generated_Source/PSoC5/ADC_SAR_1_INT.c **** 
  22:./Generated_Source/PSoC5/ADC_SAR_1_INT.c **** 
  23:./Generated_Source/PSoC5/ADC_SAR_1_INT.c **** /******************************************************************************
ARM GAS  C:\Users\blinky\AppData\Local\Temp/ccc1aaaa.s 			page 2


  24:./Generated_Source/PSoC5/ADC_SAR_1_INT.c **** * Custom Declarations and Variables
  25:./Generated_Source/PSoC5/ADC_SAR_1_INT.c **** * - add user inlcude files, prototypes and variables between the following
  26:./Generated_Source/PSoC5/ADC_SAR_1_INT.c **** *   #START and #END tags
  27:./Generated_Source/PSoC5/ADC_SAR_1_INT.c **** ******************************************************************************/
  28:./Generated_Source/PSoC5/ADC_SAR_1_INT.c **** /* `#START ADC_SYS_VAR`  */
  29:./Generated_Source/PSoC5/ADC_SAR_1_INT.c **** 
  30:./Generated_Source/PSoC5/ADC_SAR_1_INT.c **** /* `#END`  */
  31:./Generated_Source/PSoC5/ADC_SAR_1_INT.c **** 
  32:./Generated_Source/PSoC5/ADC_SAR_1_INT.c **** 
  33:./Generated_Source/PSoC5/ADC_SAR_1_INT.c **** /******************************************************************************
  34:./Generated_Source/PSoC5/ADC_SAR_1_INT.c **** * Function Name: ADC_SAR_1_ISR
  35:./Generated_Source/PSoC5/ADC_SAR_1_INT.c **** *******************************************************************************
  36:./Generated_Source/PSoC5/ADC_SAR_1_INT.c **** *
  37:./Generated_Source/PSoC5/ADC_SAR_1_INT.c **** * Summary:
  38:./Generated_Source/PSoC5/ADC_SAR_1_INT.c **** *  Handle Interrupt Service Routine.
  39:./Generated_Source/PSoC5/ADC_SAR_1_INT.c **** *
  40:./Generated_Source/PSoC5/ADC_SAR_1_INT.c **** * Parameters:
  41:./Generated_Source/PSoC5/ADC_SAR_1_INT.c **** *  void
  42:./Generated_Source/PSoC5/ADC_SAR_1_INT.c **** *
  43:./Generated_Source/PSoC5/ADC_SAR_1_INT.c **** * Return:
  44:./Generated_Source/PSoC5/ADC_SAR_1_INT.c **** *  void
  45:./Generated_Source/PSoC5/ADC_SAR_1_INT.c **** ******************************************************************************/
  46:./Generated_Source/PSoC5/ADC_SAR_1_INT.c **** CY_ISR( ADC_SAR_1_ISR )
  47:./Generated_Source/PSoC5/ADC_SAR_1_INT.c **** {
  31              	DC_SAR_1_ISR,"ax",%progbits
  32              		.align	2
  33              		.global	ADC_SAR_1_ISR
  34              		.thumb
  35 0000 80B4     		.thumb_func
  36              		.type	ADC_SAR_1_ISR, %function
  37 0002 00AF     	ADC_SAR_1_ISR:
  38              	.LFB2:
  39              		.file 1 "./Generated_Source/PSoC5/ADC_SAR_1_INT.c"
  48:./Generated_Source/PSoC5/ADC_SAR_1_INT.c ****     /**************************************************************************
  49:./Generated_Source/PSoC5/ADC_SAR_1_INT.c ****       *  Custom Code
  50:./Generated_Source/PSoC5/ADC_SAR_1_INT.c ****      *  - add user ISR code between the following #START and #END tags
  51:./Generated_Source/PSoC5/ADC_SAR_1_INT.c ****      *************************************************************************/
  52:./Generated_Source/PSoC5/ADC_SAR_1_INT.c ****       /* `#START MAIN_ADC_ISR`  */
  53:./Generated_Source/PSoC5/ADC_SAR_1_INT.c **** 
  54:./Generated_Source/PSoC5/ADC_SAR_1_INT.c ****       /* `#END`  */
  55:./Generated_Source/PSoC5/ADC_SAR_1_INT.c **** 
  56:./Generated_Source/PSoC5/ADC_SAR_1_INT.c **** }
  40              	DC_SAR_1_ISR,"ax",%progbits
  41 0004 BD46     		.align	2
  42 0006 80BC     		.global	ADC_SAR_1_ISR
  43 0008 7047     		.thumb
  44              		.thumb_func
  45              		.type	ADC_SAR_1_ISR, %function
  46 000a C046     	ADC_SAR_1_ISR:
  47              	.LFB2:
  48 0000 0C000000 		.file 1 "./Generated_Source/PSoC5/ADC_SAR_1_INT.c"
  49              		.loc 1 47 0
  50 0004 FFFFFFFF 		@ args = 0, pretend = 0, frame = 0
  51 0008 01       		@ frame_needed = 1, uses_anonymous_args = 0
  52 0009 00       		@ link register save eliminated.
  53 000a 01       		push	{r7}
  54 000b 7C       	.LCFI0:
ARM GAS  C:\Users\blinky\AppData\Local\Temp/ccc1aaaa.s 			page 3


  55 000c 0E       		add	r7, sp, #0
  56 000d 0C       	.LCFI1:
  57 000e 0D       		@ lr needed for prologue
  58 000f 00       		.loc 1 56 0
  59              		mov	sp, r7
  60              		pop	{r7}
  61              		bx	lr
  62 0010 14000000 	.LFE2:
  63              		.size	ADC_SAR_1_ISR, .-ADC_SAR_1_ISR
  64 0014 00000000 		.section	.debug_frame,"",%progbits
  65 0018 00000000 	.Lframe0:
  66 001c 0A000000 		.4byte	.LECIE0-.LSCIE0
  67 0020 42       	.LSCIE0:
  68              		.4byte	0xffffffff
  69 0021 0E       		.byte	0x1
  70 0022 04       		.ascii	"\000"
  71 0023 87       		.uleb128 0x1
  72 0024 01       		.sleb128 -4
  73 0025 42       		.byte	0xe
  74              		.byte	0xc
  75 0026 0D       		.uleb128 0xd
  76 0027 07       		.uleb128 0x0
  77              		.align	2
  78              	.LECIE0:
  79              	.LSFDE0:
  80              		.4byte	.LEFDE0-.LASFDE0
  81              	.LASFDE0:
  82              		.4byte	.Lframe0
  83              		.4byte	.LFB2
  84 0000 00000000 		.4byte	.LFE2-.LFB2
  85 0004 02000000 		.byte	0x4
  86 0008 0100     		.4byte	.LCFI0-.LFB2
  87 000a 5D       		.byte	0xe
  88 000b 02000000 		.uleb128 0x4
  89 000f 04000000 		.byte	0x87
  90 0013 0200     		.uleb128 0x1
  91 0015 7D       		.byte	0x4
  92 0016 04       		.4byte	.LCFI1-.LCFI0
  93 0017 04000000 		.byte	0xd
  94 001b 0A000000 		.uleb128 0x7
  95 001f 0200     		.align	2
  96 0021 77       	.LEFDE0:
  97 0022 04       		.text
  98 0023 00000000 	.Letext0:
  99 0027 00000000 		.section	.debug_loc,"",%progbits
 100              	.Ldebug_loc0:
 101 0000 0B010000 	.LLST0:
 102 0004 0200     		.4byte	.LFB2
 103 0006 00000000 		.4byte	.LCFI0
 104 000a 04       		.2byte	0x1
 105 000b 01       		.byte	0x5d
 106 000c 474E5520 		.4byte	.LCFI0
 106      4320342E 
 106      322E3100 
 107 0018 01       		.4byte	.LCFI1
 108 0019 2E2F4765 		.2byte	0x2
 108      6E657261 
ARM GAS  C:\Users\blinky\AppData\Local\Temp/ccc1aaaa.s 			page 4


 108      7465645F 
 108      536F7572 
 108      63652F50 
 109 0042 433A5C55 		.byte	0x7d
 109      73657273 
 109      5C626C69 
 109      6E6B795C 
 109      446F6375 
 110 0070 726F5C43 		.sleb128 4
 110      61725374 
 110      6169726F 
 110      2E637964 
 110      736E00
 111 0083 00000000 		.4byte	.LCFI1
 112 0087 00000000 		.4byte	.LFE2
 113 008b 02       		.2byte	0x2
 114 008c 01       		.byte	0x77
 115 008d 08       		.sleb128 4
 116 008e 756E7369 		.4byte	0x0
 116      676E6564 
 116      20636861 
 116      7200
 117 009c 02       		.4byte	0x0
 118 009d 02       		.section	.debug_info
 119 009e 07       		.4byte	0x10b
 120 009f 73686F72 		.2byte	0x2
 120      7420756E 
 120      7369676E 
 120      65642069 
 120      6E7400
 121 00b2 02       		.4byte	.Ldebug_abbrev0
 122 00b3 04       		.byte	0x4
 123 00b4 07       		.uleb128 0x1
 124 00b5 6C6F6E67 		.ascii	"GNU C 4.2.1\000"
 124      20756E73 
 124      69676E65 
 124      6420696E 
 124      7400
 125 00c7 02       		.byte	0x1
 126 00c8 01       		.ascii	"./Generated_Source/PSoC5/ADC_SAR_1_INT.c\000"
 127 00c9 06       		.ascii	"C:\\Users\\blinky\\Documents\\PSoC Creator\\CarStai"
 128 00ca 7369676E 		.ascii	"ro\\CarStairo.cydsn\000"
 128      65642063 
 128      68617200 
 129 00d6 02       		.4byte	0x0
 130 00d7 02       		.4byte	.Ldebug_line0
 131 00d8 05       		.uleb128 0x2
 132 00d9 73686F72 		.byte	0x1
 132      7420696E 
 132      7400
 133 00e3 02       		.byte	0x8
 134 00e4 04       		.ascii	"unsigned char\000"
 135 00e5 05       		.uleb128 0x2
 136 00e6 6C6F6E67 		.byte	0x2
 136      20696E74 
 136      00
 137 00ef 03       		.byte	0x7
ARM GAS  C:\Users\blinky\AppData\Local\Temp/ccc1aaaa.s 			page 5


 138 00f0 01       		.ascii	"short unsigned int\000"
 139 00f1 4144435F 		.uleb128 0x2
 139      5341525F 
 139      315F4953 
 139      5200
 140 00ff 01       		.byte	0x4
 141 0100 2F       		.byte	0x7
 142 0101 01       		.ascii	"long unsigned int\000"
 143 0102 00000000 		.uleb128 0x2
 144 0106 0A000000 		.byte	0x1
 145 010a 00000000 		.byte	0x6
 146 010e 00       		.ascii	"signed char\000"
 147              		.uleb128 0x2
 148 0000 01       		.byte	0x2
 149 0001 11       		.byte	0x5
 150 0002 01       		.ascii	"short int\000"
 151 0003 25       		.uleb128 0x2
 152 0004 08       		.byte	0x4
 153 0005 13       		.byte	0x5
 154 0006 0B       		.ascii	"long int\000"
 155 0007 03       		.uleb128 0x3
 156 0008 08       		.byte	0x1
 157 0009 1B       		.ascii	"ADC_SAR_1_ISR\000"
 158 000a 08       		.byte	0x1
 159 000b 52       		.byte	0x2f
 160 000c 01       		.byte	0x1
 161 000d 10       		.4byte	.LFB2
 162 000e 06       		.4byte	.LFE2
 163 000f 00       		.4byte	.LLST0
 164 0010 00       		.byte	0x0
 165 0011 02       		.section	.debug_abbrev
 166 0012 24       		.uleb128 0x1
 167 0013 00       		.uleb128 0x11
 168 0014 0B       		.byte	0x1
 169 0015 0B       		.uleb128 0x25
 170 0016 3E       		.uleb128 0x8
 171 0017 0B       		.uleb128 0x13
 172 0018 03       		.uleb128 0xb
 173 0019 08       		.uleb128 0x3
 174 001a 00       		.uleb128 0x8
 175 001b 00       		.uleb128 0x1b
 176 001c 03       		.uleb128 0x8
 177 001d 2E       		.uleb128 0x52
 178 001e 00       		.uleb128 0x1
 179 001f 3F       		.uleb128 0x10
 180 0020 0C       		.uleb128 0x6
 181 0021 03       		.byte	0x0
 182 0022 08       		.byte	0x0
 183 0023 3A       		.uleb128 0x2
 184 0024 0B       		.uleb128 0x24
 185 0025 3B       		.byte	0x0
 186 0026 0B       		.uleb128 0xb
 187 0027 27       		.uleb128 0xb
 188 0028 0C       		.uleb128 0x3e
 189 0029 11       		.uleb128 0xb
 190 002a 01       		.uleb128 0x3
 191 002b 12       		.uleb128 0x8
ARM GAS  C:\Users\blinky\AppData\Local\Temp/ccc1aaaa.s 			page 6


 192 002c 01       		.byte	0x0
 193 002d 40       		.byte	0x0
 194 002e 06       		.uleb128 0x3
 195 002f 00       		.uleb128 0x2e
 196 0030 00       		.byte	0x0
 197 0031 00       		.uleb128 0x3f
 198              		.uleb128 0xc
 199 0000 20000000 		.uleb128 0x3
 200 0004 0200     		.uleb128 0x8
 201 0006 00000000 		.uleb128 0x3a
 202 000a 0F010000 		.uleb128 0xb
 203 000e EF000000 		.uleb128 0x3b
 204 0012 4144435F 		.uleb128 0xb
 204      5341525F 
 204      315F4953 
 204      5200
 205 0020 00000000 		.uleb128 0x27
 206              		.uleb128 0xc
 207 0000 1C000000 		.uleb128 0x11
 208 0004 0200     		.uleb128 0x1
 209 0006 00000000 		.uleb128 0x12
 210 000a 04       		.uleb128 0x1
 211 000b 00       		.uleb128 0x40
 212 000c 0000     		.uleb128 0x6
 213 000e 0000     		.byte	0x0
 214 0010 00000000 		.byte	0x0
 215 0014 0A000000 		.byte	0x0
 216 0018 00000000 		.section	.debug_pubnames,"",%progbits
 217 001c 00000000 		.4byte	0x20
 218              		.2byte	0x2
